// Jest Snapshot v1, https://goo.gl/fbAQLP

exports[`CounterButton component expect to render CounterButton component 1`] = `
<button
  color="purple"
  id="counter"
  onClick={[Function]}
>
  Count: 
  0
</button>
`;
