// Jest Snapshot v1, https://goo.gl/fbAQLP

exports[`MainPage tests renders mainpage without crashing 1`] = `
<div>
  <Header />
  <CounterButton />
  <SearchBox />
  <Scroll>
    <ErrorBoundary>
      <CardList
        robots={Array []}
      />
    </ErrorBoundary>
  </Scroll>
</div>
`;
